// Jest Snapshot v1, https://goo.gl/fbAQLP

exports[`List component renders the UI as expected 1`] = `
<section
  className="List"
>
  <header
    className="List-header"
  >
    <h2>
      Fourth list
    </h2>
  </header>
  <div
    className="List-cards"
    id="4"
  >
    <div
      className="Card"
      id="l"
    >
      <button
        type="button"
      >
        delete
      </button>
      <h3>
        Twelfth card
      </h3>
      <p>
        lorem ipsum
      </p>
    </div>
    <div
      className="Card"
      id="m"
    >
      <button
        type="button"
      >
        delete
      </button>
      <h3>
        Thirteenth card
      </h3>
      <p>
        lorem ipsum
      </p>
    </div>
  </div>
</section>
`;
